
OpenInverterWeb/data/gauges.html
OpenInverterWeb/data/index.html
OpenInverterWeb/data/remote.html
OpenInverterWeb/data/syncofs.html
OpenInverterWeb/data/wifi.html
OpenInverterWeb/data/wifi-updated.html

OpenInverterWeb/data/style.css

OpenInverterWeb/data/ui.js
OpenInverterWeb/data/chart.min.js
OpenInverterWeb/data/inverter.js
OpenInverterWeb/data/wifi.js
OpenInverterWeb/data/log.js
OpenInverterWeb/data/index.js
OpenInverterWeb/data/jquery.core.min.js.gz
OpenInverterWeb/data/plot.js
OpenInverterWeb/data/chartjs-annotation.min.js.gz
OpenInverterWeb/data/gauges.js
OpenInverterWeb/data/modal.js
OpenInverterWeb/data/docstrings.js
OpenInverterWeb/data/jquery.knob.min.js.gz
OpenInverterWeb/data/gauge.min.js

OpenInverterWeb/data/ajax-loader.gif
OpenInverterWeb/data/logo.png
OpenInverterWeb/data/refresh.png
OpenInverterWeb/data/icon-activity.png
OpenInverterWeb/data/icon-check-circle.png
OpenInverterWeb/data/icon-clock.png
OpenInverterWeb/data/icon-cpu.png
OpenInverterWeb/data/icon-database.png
OpenInverterWeb/data/icon-download.png
OpenInverterWeb/data/icon-download-cloud.png
OpenInverterWeb/data/icon-eye.png
OpenInverterWeb/data/icon-file-text.png
OpenInverterWeb/data/icon-grid.png
OpenInverterWeb/data/icon-help-circle.png
OpenInverterWeb/data/icon-search.png
OpenInverterWeb/data/icon-pause.png
OpenInverterWeb/data/icon-play.png
OpenInverterWeb/data/icon-plus-circle.png
OpenInverterWeb/data/icon-repeat.png
OpenInverterWeb/data/icon-rotate-ccw.png
OpenInverterWeb/data/icon-save.png
OpenInverterWeb/data/icon-sliders.png
OpenInverterWeb/data/icon-square.png
OpenInverterWeb/data/icon-target.png
OpenInverterWeb/data/icon-trash.png
OpenInverterWeb/data/icon-trash-2.png
OpenInverterWeb/data/icon-tool.png
OpenInverterWeb/data/icon-upload.png
OpenInverterWeb/data/icon-upload-cloud.png
OpenInverterWeb/data/icon-wifi.png
OpenInverterWeb/data/icon-x-square.png
